[2026-02-04T06:00:00Z] Build started
[2026-02-04T06:00:02Z] Checking out repository...
[2026-02-04T06:00:05Z] Setting up Python 3.11...
[2026-02-04T06:00:15Z] Installing dependencies...
[2026-02-04T06:01:00Z] Running linters...
[2026-02-04T06:01:25Z] Lint checks passed
[2026-02-04T06:01:27Z] Running test suite...
[2026-02-04T06:04:45Z] ............................................................... [ 48%]
[2026-02-04T06:05:00Z] ..............F.......F.....F...F.....F.........F...F...F.. [ 97%]
[2026-02-04T06:05:02Z] .. [100%]
[2026-02-04T06:05:04Z] 
[2026-02-04T06:05:04Z] FAILED tests/test_database.py::test_connection_retry - AssertionError
[2026-02-04T06:05:04Z] FAILED tests/test_database.py::test_connection_pool - ConnectionError
[2026-02-04T06:05:04Z] FAILED tests/test_api.py::test_timeout_handling - TimeoutError
[2026-02-04T06:05:04Z] FAILED tests/test_api.py::test_rate_limiting - RateLimitExceeded
[2026-02-04T06:05:04Z] FAILED tests/test_integration.py::test_end_to_end - IntegrationError
[2026-02-04T06:05:04Z] FAILED tests/test_utils.py::test_data_validation - ValidationError
[2026-02-04T06:05:04Z] FAILED tests/test_utils.py::test_sanitization - SecurityError
[2026-02-04T06:05:04Z] FAILED tests/test_cache.py::test_cache_invalidation - CacheError
[2026-02-04T06:05:04Z] 
[2026-02-04Z] === 142 passed, 8 failed in 3.92s ===
[2026-02-04T06:05:06Z] Build failed due to test failures
